// Jest Snapshot v1, https://goo.gl/fbAQLP

exports[`Login should pass when correct credentisals provided 1`] = `
Object {
  "asFragment": [Function],
  "baseElement": <body>
    <div>
      <div
        class="text-3xl font-bold mt-9"
        data-testid="siginPage"
      >
        <main
          class="MuiContainer-root MuiContainer-maxWidthXs css-nzinn5-MuiContainer-root"
        >
          <div
            class="MuiBox-root css-binzgt"
          >
            <div
              class="MuiAvatar-root MuiAvatar-circular MuiAvatar-colorDefault css-1999axt-MuiAvatar-root"
            >
              <svg
                aria-hidden="true"
                class="MuiSvgIcon-root MuiSvgIcon-fontSizeMedium css-i4bv87-MuiSvgIcon-root"
                data-testid="LockOutlinedIcon"
                focusable="false"
                viewBox="0 0 24 24"
              >
                <path
                  d="M18 8h-1V6c0-2.76-2.24-5-5-5S7 3.24 7 6v2H6c-1.1 0-2 .9-2 2v10c0 1.1.9 2 2 2h12c1.1 0 2-.9 2-2V10c0-1.1-.9-2-2-2zM9 6c0-1.66 1.34-3 3-3s3 1.34 3 3v2H9V6zm9 14H6V10h12v10zm-6-3c1.1 0 2-.9 2-2s-.9-2-2-2-2 .9-2 2 .9 2 2 2z"
                />
              </svg>
            </div>
            <h1
              class="MuiTypography-root MuiTypography-h5 css-ag7rrr-MuiTypography-root"
            >
              SignIn
            </h1>
            <form
              class="MuiBox-root css-164r41r"
              data-testid="login"
              novalidate=""
            >
              <div
                class="MuiFormControl-root MuiFormControl-marginNormal MuiFormControl-fullWidth MuiTextField-root css-17vbkzs-MuiFormControl-root-MuiTextField-root"
              >
                <label
                  class="MuiInputLabel-root MuiInputLabel-formControl MuiInputLabel-animated MuiInputLabel-shrink MuiInputLabel-outlined MuiFormLabel-root MuiFormLabel-colorPrimary MuiFormLabel-filled Mui-focused Mui-required css-1sumxir-MuiFormLabel-root-MuiInputLabel-root"
                  data-shrink="true"
                  for="email"
                  id="email-label"
                >
                  Email Address
                  <span
                    aria-hidden="true"
                    class="MuiInputLabel-asterisk MuiFormLabel-asterisk css-wgai2y-MuiFormLabel-asterisk"
                  >
                     
                    *
                  </span>
                </label>
                <div
                  class="MuiOutlinedInput-root MuiInputBase-root MuiInputBase-colorPrimary MuiInputBase-fullWidth Mui-focused MuiInputBase-formControl css-md26zr-MuiInputBase-root-MuiOutlinedInput-root"
                >
                  <input
                    aria-invalid="false"
                    autocomplete="email"
                    class="MuiOutlinedInput-input MuiInputBase-input css-1t8l2tu-MuiInputBase-input-MuiOutlinedInput-input"
                    data-testid="username"
                    id="email"
                    name="email"
                    required=""
                    type="text"
                    value="tylermcginnis"
                  />
                  <fieldset
                    aria-hidden="true"
                    class="MuiOutlinedInput-notchedOutline css-1d3z3hw-MuiOutlinedInput-notchedOutline"
                  >
                    <legend
                      class="css-1in441m"
                    >
                      <span>
                        Email Address
                         
                        *
                      </span>
                    </legend>
                  </fieldset>
                </div>
              </div>
              <div
                class="MuiFormControl-root MuiFormControl-marginNormal MuiFormControl-fullWidth MuiTextField-root css-17vbkzs-MuiFormControl-root-MuiTextField-root"
              >
                <label
                  class="MuiInputLabel-root MuiInputLabel-formControl MuiInputLabel-animated MuiInputLabel-shrink MuiInputLabel-outlined MuiFormLabel-root MuiFormLabel-colorPrimary MuiFormLabel-filled Mui-required css-1sumxir-MuiFormLabel-root-MuiInputLabel-root"
                  data-shrink="true"
                  for="password"
                  id="password-label"
                >
                  Password
                  <span
                    aria-hidden="true"
                    class="MuiInputLabel-asterisk MuiFormLabel-asterisk css-wgai2y-MuiFormLabel-asterisk"
                  >
                     
                    *
                  </span>
                </label>
                <div
                  class="MuiOutlinedInput-root MuiInputBase-root MuiInputBase-colorPrimary MuiInputBase-fullWidth MuiInputBase-formControl css-md26zr-MuiInputBase-root-MuiOutlinedInput-root"
                >
                  <input
                    aria-invalid="false"
                    autocomplete="current-password"
                    class="MuiOutlinedInput-input MuiInputBase-input css-1t8l2tu-MuiInputBase-input-MuiOutlinedInput-input"
                    data-testid="password"
                    id="password"
                    name="password"
                    required=""
                    type="password"
                    value="abc321"
                  />
                  <fieldset
                    aria-hidden="true"
                    class="MuiOutlinedInput-notchedOutline css-1d3z3hw-MuiOutlinedInput-notchedOutline"
                  >
                    <legend
                      class="css-1in441m"
                    >
                      <span>
                        Password
                         
                        *
                      </span>
                    </legend>
                  </fieldset>
                </div>
              </div>
              <button
                class="MuiButton-root MuiButton-contained MuiButton-containedPrimary MuiButton-sizeMedium MuiButton-containedSizeMedium MuiButton-fullWidth MuiButtonBase-root  css-1vhaqj4-MuiButtonBase-root-MuiButton-root"
                data-testid="submit"
                tabindex="0"
                type="submit"
              >
                Sign In
                <span
                  class="MuiTouchRipple-root css-8je8zh-MuiTouchRipple-root"
                />
              </button>
            </form>
          </div>
        </main>
      </div>
    </div>
  </body>,
  "container": <div>
    <div
      class="text-3xl font-bold mt-9"
      data-testid="siginPage"
    >
      <main
        class="MuiContainer-root MuiContainer-maxWidthXs css-nzinn5-MuiContainer-root"
      >
        <div
          class="MuiBox-root css-binzgt"
        >
          <div
            class="MuiAvatar-root MuiAvatar-circular MuiAvatar-colorDefault css-1999axt-MuiAvatar-root"
          >
            <svg
              aria-hidden="true"
              class="MuiSvgIcon-root MuiSvgIcon-fontSizeMedium css-i4bv87-MuiSvgIcon-root"
              data-testid="LockOutlinedIcon"
              focusable="false"
              viewBox="0 0 24 24"
            >
              <path
                d="M18 8h-1V6c0-2.76-2.24-5-5-5S7 3.24 7 6v2H6c-1.1 0-2 .9-2 2v10c0 1.1.9 2 2 2h12c1.1 0 2-.9 2-2V10c0-1.1-.9-2-2-2zM9 6c0-1.66 1.34-3 3-3s3 1.34 3 3v2H9V6zm9 14H6V10h12v10zm-6-3c1.1 0 2-.9 2-2s-.9-2-2-2-2 .9-2 2 .9 2 2 2z"
              />
            </svg>
          </div>
          <h1
            class="MuiTypography-root MuiTypography-h5 css-ag7rrr-MuiTypography-root"
          >
            SignIn
          </h1>
          <form
            class="MuiBox-root css-164r41r"
            data-testid="login"
            novalidate=""
          >
            <div
              class="MuiFormControl-root MuiFormControl-marginNormal MuiFormControl-fullWidth MuiTextField-root css-17vbkzs-MuiFormControl-root-MuiTextField-root"
            >
              <label
                class="MuiInputLabel-root MuiInputLabel-formControl MuiInputLabel-animated MuiInputLabel-shrink MuiInputLabel-outlined MuiFormLabel-root MuiFormLabel-colorPrimary MuiFormLabel-filled Mui-focused Mui-required css-1sumxir-MuiFormLabel-root-MuiInputLabel-root"
                data-shrink="true"
                for="email"
                id="email-label"
              >
                Email Address
                <span
                  aria-hidden="true"
                  class="MuiInputLabel-asterisk MuiFormLabel-asterisk css-wgai2y-MuiFormLabel-asterisk"
                >
                   
                  *
                </span>
              </label>
              <div
                class="MuiOutlinedInput-root MuiInputBase-root MuiInputBase-colorPrimary MuiInputBase-fullWidth Mui-focused MuiInputBase-formControl css-md26zr-MuiInputBase-root-MuiOutlinedInput-root"
              >
                <input
                  aria-invalid="false"
                  autocomplete="email"
                  class="MuiOutlinedInput-input MuiInputBase-input css-1t8l2tu-MuiInputBase-input-MuiOutlinedInput-input"
                  data-testid="username"
                  id="email"
                  name="email"
                  required=""
                  type="text"
                  value="tylermcginnis"
                />
                <fieldset
                  aria-hidden="true"
                  class="MuiOutlinedInput-notchedOutline css-1d3z3hw-MuiOutlinedInput-notchedOutline"
                >
                  <legend
                    class="css-1in441m"
                  >
                    <span>
                      Email Address
                       
                      *
                    </span>
                  </legend>
                </fieldset>
              </div>
            </div>
            <div
              class="MuiFormControl-root MuiFormControl-marginNormal MuiFormControl-fullWidth MuiTextField-root css-17vbkzs-MuiFormControl-root-MuiTextField-root"
            >
              <label
                class="MuiInputLabel-root MuiInputLabel-formControl MuiInputLabel-animated MuiInputLabel-shrink MuiInputLabel-outlined MuiFormLabel-root MuiFormLabel-colorPrimary MuiFormLabel-filled Mui-required css-1sumxir-MuiFormLabel-root-MuiInputLabel-root"
                data-shrink="true"
                for="password"
                id="password-label"
              >
                Password
                <span
                  aria-hidden="true"
                  class="MuiInputLabel-asterisk MuiFormLabel-asterisk css-wgai2y-MuiFormLabel-asterisk"
                >
                   
                  *
                </span>
              </label>
              <div
                class="MuiOutlinedInput-root MuiInputBase-root MuiInputBase-colorPrimary MuiInputBase-fullWidth MuiInputBase-formControl css-md26zr-MuiInputBase-root-MuiOutlinedInput-root"
              >
                <input
                  aria-invalid="false"
                  autocomplete="current-password"
                  class="MuiOutlinedInput-input MuiInputBase-input css-1t8l2tu-MuiInputBase-input-MuiOutlinedInput-input"
                  data-testid="password"
                  id="password"
                  name="password"
                  required=""
                  type="password"
                  value="abc321"
                />
                <fieldset
                  aria-hidden="true"
                  class="MuiOutlinedInput-notchedOutline css-1d3z3hw-MuiOutlinedInput-notchedOutline"
                >
                  <legend
                    class="css-1in441m"
                  >
                    <span>
                      Password
                       
                      *
                    </span>
                  </legend>
                </fieldset>
              </div>
            </div>
            <button
              class="MuiButton-root MuiButton-contained MuiButton-containedPrimary MuiButton-sizeMedium MuiButton-containedSizeMedium MuiButton-fullWidth MuiButtonBase-root  css-1vhaqj4-MuiButtonBase-root-MuiButton-root"
              data-testid="submit"
              tabindex="0"
              type="submit"
            >
              Sign In
              <span
                class="MuiTouchRipple-root css-8je8zh-MuiTouchRipple-root"
              />
            </button>
          </form>
        </div>
      </main>
    </div>
  </div>,
  "debug": [Function],
  "findAllByAltText": [Function],
  "findAllByDisplayValue": [Function],
  "findAllByLabelText": [Function],
  "findAllByPlaceholderText": [Function],
  "findAllByRole": [Function],
  "findAllByTestId": [Function],
  "findAllByText": [Function],
  "findAllByTitle": [Function],
  "findByAltText": [Function],
  "findByDisplayValue": [Function],
  "findByLabelText": [Function],
  "findByPlaceholderText": [Function],
  "findByRole": [Function],
  "findByTestId": [Function],
  "findByText": [Function],
  "findByTitle": [Function],
  "getAllByAltText": [Function],
  "getAllByDisplayValue": [Function],
  "getAllByLabelText": [Function],
  "getAllByPlaceholderText": [Function],
  "getAllByRole": [Function],
  "getAllByTestId": [Function],
  "getAllByText": [Function],
  "getAllByTitle": [Function],
  "getByAltText": [Function],
  "getByDisplayValue": [Function],
  "getByLabelText": [Function],
  "getByPlaceholderText": [Function],
  "getByRole": [Function],
  "getByTestId": [Function],
  "getByText": [Function],
  "getByTitle": [Function],
  "queryAllByAltText": [Function],
  "queryAllByDisplayValue": [Function],
  "queryAllByLabelText": [Function],
  "queryAllByPlaceholderText": [Function],
  "queryAllByRole": [Function],
  "queryAllByTestId": [Function],
  "queryAllByText": [Function],
  "queryAllByTitle": [Function],
  "queryByAltText": [Function],
  "queryByDisplayValue": [Function],
  "queryByLabelText": [Function],
  "queryByPlaceholderText": [Function],
  "queryByRole": [Function],
  "queryByTestId": [Function],
  "queryByText": [Function],
  "queryByTitle": [Function],
  "rerender": [Function],
  "unmount": [Function],
}
`;
