// Jest Snapshot v1, https://goo.gl/fbAQLP

exports[`Navbar should render the component 1`] = `
Object {
  "asFragment": [Function],
  "baseElement": <body>
    <div>
      <nav
        class="sc-bczRLJ iA-dZku"
      >
        <div
          style="margin-left: 250px;"
        >
          <div
            class="sc-eCYdqJ xjNhp"
          >
            <a
              activestyle="[object Object]"
              aria-current="page"
              class="sc-dkzDqf jyuNrD active"
              data-testid="home"
              href="/"
            >
              Home
            </a>
            <a
              activestyle="[object Object]"
              class="sc-dkzDqf jyuNrD"
              data-testid="leadership"
              href="/leadership"
            >
              Leaderboard
            </a>
            <a
              activestyle="[object Object]"
              class="sc-dkzDqf jyuNrD"
              data-testid="new"
              href="/NewPoll"
            >
              New Poll
            </a>
            <span
              style="color: white;"
            >
                
              <img
                alt="avatar"
                style="width: 30px; height: 20%; margin: 7px; border-radius: 7px;"
              />
            </span>
            <nav
              class="sc-jSMfEi elSapS"
            >
              <a
                activestyle="tylermcginnis"
                class="sc-gKXOVf kxQgf"
                data-testid="logout"
                href="/login"
                style="float: right;"
              >
                Logout
              </a>
            </nav>
          </div>
        </div>
      </nav>
    </div>
  </body>,
  "container": <div>
    <nav
      class="sc-bczRLJ iA-dZku"
    >
      <div
        style="margin-left: 250px;"
      >
        <div
          class="sc-eCYdqJ xjNhp"
        >
          <a
            activestyle="[object Object]"
            aria-current="page"
            class="sc-dkzDqf jyuNrD active"
            data-testid="home"
            href="/"
          >
            Home
          </a>
          <a
            activestyle="[object Object]"
            class="sc-dkzDqf jyuNrD"
            data-testid="leadership"
            href="/leadership"
          >
            Leaderboard
          </a>
          <a
            activestyle="[object Object]"
            class="sc-dkzDqf jyuNrD"
            data-testid="new"
            href="/NewPoll"
          >
            New Poll
          </a>
          <span
            style="color: white;"
          >
              
            <img
              alt="avatar"
              style="width: 30px; height: 20%; margin: 7px; border-radius: 7px;"
            />
          </span>
          <nav
            class="sc-jSMfEi elSapS"
          >
            <a
              activestyle="tylermcginnis"
              class="sc-gKXOVf kxQgf"
              data-testid="logout"
              href="/login"
              style="float: right;"
            >
              Logout
            </a>
          </nav>
        </div>
      </div>
    </nav>
  </div>,
  "debug": [Function],
  "findAllByAltText": [Function],
  "findAllByDisplayValue": [Function],
  "findAllByLabelText": [Function],
  "findAllByPlaceholderText": [Function],
  "findAllByRole": [Function],
  "findAllByTestId": [Function],
  "findAllByText": [Function],
  "findAllByTitle": [Function],
  "findByAltText": [Function],
  "findByDisplayValue": [Function],
  "findByLabelText": [Function],
  "findByPlaceholderText": [Function],
  "findByRole": [Function],
  "findByTestId": [Function],
  "findByText": [Function],
  "findByTitle": [Function],
  "getAllByAltText": [Function],
  "getAllByDisplayValue": [Function],
  "getAllByLabelText": [Function],
  "getAllByPlaceholderText": [Function],
  "getAllByRole": [Function],
  "getAllByTestId": [Function],
  "getAllByText": [Function],
  "getAllByTitle": [Function],
  "getByAltText": [Function],
  "getByDisplayValue": [Function],
  "getByLabelText": [Function],
  "getByPlaceholderText": [Function],
  "getByRole": [Function],
  "getByTestId": [Function],
  "getByText": [Function],
  "getByTitle": [Function],
  "queryAllByAltText": [Function],
  "queryAllByDisplayValue": [Function],
  "queryAllByLabelText": [Function],
  "queryAllByPlaceholderText": [Function],
  "queryAllByRole": [Function],
  "queryAllByTestId": [Function],
  "queryAllByText": [Function],
  "queryAllByTitle": [Function],
  "queryByAltText": [Function],
  "queryByDisplayValue": [Function],
  "queryByLabelText": [Function],
  "queryByPlaceholderText": [Function],
  "queryByRole": [Function],
  "queryByTestId": [Function],
  "queryByText": [Function],
  "queryByTitle": [Function],
  "rerender": [Function],
  "unmount": [Function],
}
`;
